// Jest Snapshot v1, https://goo.gl/fbAQLP

exports[`Roshambo renders correctly 1`] = `
ShallowWrapper {
  "length": 1,
  Symbol(enzyme.__root__): [Circular],
  Symbol(enzyme.__unrendered__): <Roshambo />,
  Symbol(enzyme.__renderer__): Object {
    "batchedUpdates": [Function],
    "getNode": [Function],
    "render": [Function],
    "simulateEvent": [Function],
    "unmount": [Function],
  },
  Symbol(enzyme.__node__): Object {
    "instance": null,
    "key": undefined,
    "nodeType": "host",
    "props": Object {
      "children": Array [
        <div
          className="Roshambo__container"
>
          <div
                    className="Roshambo__panel"
          >
                    <header
                              className="Roshambo__header"
                    >
                              <h1
                                        className="Roshambo__title"
                              >
                                        Roshambo
                              </h1>
                              <h2
                                        className="Roshambo__subtitle"
                              >
                                        (Rock, Paper, Scissors)
                              </h2>
                    </header>
                    <p
                              className="Roshambo__intro"
                    >
                              Rules of the game can be found on the 
                              <a
                                        href="https://en.wikipedia.org/wiki/Rock%E2%80%93paper%E2%80%93scissors"
                              >
                                        Rock, Paper Scissors Wikipedia page
                              </a>
                              .
                    </p>
                    <div
                              className="Roshambo__game"
                    >
                              <Player
                                        chosen=""
                                        playerChoice={[Function]}
                              />
                              <Scoreboard
                                        history={Array []}
                                        resetGame={[Function]}
                                        score={
                                                  Object {
                                                            "draw": 0,
                                                            "loss": 0,
                                                            "win": 0,
                                                          }
                                        }
                              />
                              <Computer
                                        chosen=""
                              />
                    </div>
          </div>
</div>,
        <footer
          class="Roshambo__footer"
>
          <small>
                    By 
                    <a
                              href="https://github.com/amlord"
                              title="Andrew Lord"
                    >
                              Andrew Lord
                    </a>
          </small>
</footer>,
      ],
      "className": "Roshambo",
    },
    "ref": null,
    "rendered": Array [
      Object {
        "instance": null,
        "key": undefined,
        "nodeType": "host",
        "props": Object {
          "children": <div
            className="Roshambo__panel"
>
            <header
                        className="Roshambo__header"
            >
                        <h1
                                    className="Roshambo__title"
                        >
                                    Roshambo
                        </h1>
                        <h2
                                    className="Roshambo__subtitle"
                        >
                                    (Rock, Paper, Scissors)
                        </h2>
            </header>
            <p
                        className="Roshambo__intro"
            >
                        Rules of the game can be found on the 
                        <a
                                    href="https://en.wikipedia.org/wiki/Rock%E2%80%93paper%E2%80%93scissors"
                        >
                                    Rock, Paper Scissors Wikipedia page
                        </a>
                        .
            </p>
            <div
                        className="Roshambo__game"
            >
                        <Player
                                    chosen=""
                                    playerChoice={[Function]}
                        />
                        <Scoreboard
                                    history={Array []}
                                    resetGame={[Function]}
                                    score={
                                                Object {
                                                            "draw": 0,
                                                            "loss": 0,
                                                            "win": 0,
                                                          }
                                    }
                        />
                        <Computer
                                    chosen=""
                        />
            </div>
</div>,
          "className": "Roshambo__container",
        },
        "ref": null,
        "rendered": Object {
          "instance": null,
          "key": undefined,
          "nodeType": "host",
          "props": Object {
            "children": Array [
              <header
                className="Roshambo__header"
>
                <h1
                                className="Roshambo__title"
                >
                                Roshambo
                </h1>
                <h2
                                className="Roshambo__subtitle"
                >
                                (Rock, Paper, Scissors)
                </h2>
</header>,
              <p
                className="Roshambo__intro"
>
                Rules of the game can be found on the 
                <a
                                href="https://en.wikipedia.org/wiki/Rock%E2%80%93paper%E2%80%93scissors"
                >
                                Rock, Paper Scissors Wikipedia page
                </a>
                .
</p>,
              <div
                className="Roshambo__game"
>
                <Player
                                chosen=""
                                playerChoice={[Function]}
                />
                <Scoreboard
                                history={Array []}
                                resetGame={[Function]}
                                score={
                                                Object {
                                                                "draw": 0,
                                                                "loss": 0,
                                                                "win": 0,
                                                              }
                                }
                />
                <Computer
                                chosen=""
                />
</div>,
            ],
            "className": "Roshambo__panel",
          },
          "ref": null,
          "rendered": Array [
            Object {
              "instance": null,
              "key": undefined,
              "nodeType": "host",
              "props": Object {
                "children": Array [
                  <h1
                    className="Roshambo__title"
>
                    Roshambo
</h1>,
                  <h2
                    className="Roshambo__subtitle"
>
                    (Rock, Paper, Scissors)
</h2>,
                ],
                "className": "Roshambo__header",
              },
              "ref": null,
              "rendered": Array [
                Object {
                  "instance": null,
                  "key": undefined,
                  "nodeType": "host",
                  "props": Object {
                    "children": "Roshambo",
                    "className": "Roshambo__title",
                  },
                  "ref": null,
                  "rendered": "Roshambo",
                  "type": "h1",
                },
                Object {
                  "instance": null,
                  "key": undefined,
                  "nodeType": "host",
                  "props": Object {
                    "children": "(Rock, Paper, Scissors)",
                    "className": "Roshambo__subtitle",
                  },
                  "ref": null,
                  "rendered": "(Rock, Paper, Scissors)",
                  "type": "h2",
                },
              ],
              "type": "header",
            },
            Object {
              "instance": null,
              "key": undefined,
              "nodeType": "host",
              "props": Object {
                "children": Array [
                  "Rules of the game can be found on the ",
                  <a
                    href="https://en.wikipedia.org/wiki/Rock%E2%80%93paper%E2%80%93scissors"
>
                    Rock, Paper Scissors Wikipedia page
</a>,
                  ".",
                ],
                "className": "Roshambo__intro",
              },
              "ref": null,
              "rendered": Array [
                "Rules of the game can be found on the ",
                Object {
                  "instance": null,
                  "key": undefined,
                  "nodeType": "host",
                  "props": Object {
                    "children": "Rock, Paper Scissors Wikipedia page",
                    "href": "https://en.wikipedia.org/wiki/Rock%E2%80%93paper%E2%80%93scissors",
                  },
                  "ref": null,
                  "rendered": "Rock, Paper Scissors Wikipedia page",
                  "type": "a",
                },
                ".",
              ],
              "type": "p",
            },
            Object {
              "instance": null,
              "key": undefined,
              "nodeType": "host",
              "props": Object {
                "children": Array [
                  <Player
                    chosen=""
                    playerChoice={[Function]}
/>,
                  <Scoreboard
                    history={Array []}
                    resetGame={[Function]}
                    score={
                                        Object {
                                                            "draw": 0,
                                                            "loss": 0,
                                                            "win": 0,
                                                          }
                    }
/>,
                  <Computer
                    chosen=""
/>,
                ],
                "className": "Roshambo__game",
              },
              "ref": null,
              "rendered": Array [
                Object {
                  "instance": null,
                  "key": undefined,
                  "nodeType": "class",
                  "props": Object {
                    "chosen": "",
                    "playerChoice": [Function],
                  },
                  "ref": null,
                  "rendered": null,
                  "type": [Function],
                },
                Object {
                  "instance": null,
                  "key": undefined,
                  "nodeType": "class",
                  "props": Object {
                    "history": Array [],
                    "resetGame": [Function],
                    "score": Object {
                      "draw": 0,
                      "loss": 0,
                      "win": 0,
                    },
                  },
                  "ref": null,
                  "rendered": null,
                  "type": [Function],
                },
                Object {
                  "instance": null,
                  "key": undefined,
                  "nodeType": "class",
                  "props": Object {
                    "chosen": "",
                  },
                  "ref": null,
                  "rendered": null,
                  "type": [Function],
                },
              ],
              "type": "div",
            },
          ],
          "type": "div",
        },
        "type": "div",
      },
      Object {
        "instance": null,
        "key": undefined,
        "nodeType": "host",
        "props": Object {
          "children": <small>
            By 
            <a
                        href="https://github.com/amlord"
                        title="Andrew Lord"
            >
                        Andrew Lord
            </a>
</small>,
          "class": "Roshambo__footer",
        },
        "ref": null,
        "rendered": Object {
          "instance": null,
          "key": undefined,
          "nodeType": "host",
          "props": Object {
            "children": Array [
              "By ",
              <a
                href="https://github.com/amlord"
                title="Andrew Lord"
>
                Andrew Lord
</a>,
            ],
          },
          "ref": null,
          "rendered": Array [
            "By ",
            Object {
              "instance": null,
              "key": undefined,
              "nodeType": "host",
              "props": Object {
                "children": "Andrew Lord",
                "href": "https://github.com/amlord",
                "title": "Andrew Lord",
              },
              "ref": null,
              "rendered": "Andrew Lord",
              "type": "a",
            },
          ],
          "type": "small",
        },
        "type": "footer",
      },
    ],
    "type": "section",
  },
  Symbol(enzyme.__nodes__): Array [
    Object {
      "instance": null,
      "key": undefined,
      "nodeType": "host",
      "props": Object {
        "children": Array [
          <div
            className="Roshambo__container"
>
            <div
                        className="Roshambo__panel"
            >
                        <header
                                    className="Roshambo__header"
                        >
                                    <h1
                                                className="Roshambo__title"
                                    >
                                                Roshambo
                                    </h1>
                                    <h2
                                                className="Roshambo__subtitle"
                                    >
                                                (Rock, Paper, Scissors)
                                    </h2>
                        </header>
                        <p
                                    className="Roshambo__intro"
                        >
                                    Rules of the game can be found on the 
                                    <a
                                                href="https://en.wikipedia.org/wiki/Rock%E2%80%93paper%E2%80%93scissors"
                                    >
                                                Rock, Paper Scissors Wikipedia page
                                    </a>
                                    .
                        </p>
                        <div
                                    className="Roshambo__game"
                        >
                                    <Player
                                                chosen=""
                                                playerChoice={[Function]}
                                    />
                                    <Scoreboard
                                                history={Array []}
                                                resetGame={[Function]}
                                                score={
                                                            Object {
                                                                        "draw": 0,
                                                                        "loss": 0,
                                                                        "win": 0,
                                                                      }
                                                }
                                    />
                                    <Computer
                                                chosen=""
                                    />
                        </div>
            </div>
</div>,
          <footer
            class="Roshambo__footer"
>
            <small>
                        By 
                        <a
                                    href="https://github.com/amlord"
                                    title="Andrew Lord"
                        >
                                    Andrew Lord
                        </a>
            </small>
</footer>,
        ],
        "className": "Roshambo",
      },
      "ref": null,
      "rendered": Array [
        Object {
          "instance": null,
          "key": undefined,
          "nodeType": "host",
          "props": Object {
            "children": <div
              className="Roshambo__panel"
>
              <header
                            className="Roshambo__header"
              >
                            <h1
                                          className="Roshambo__title"
                            >
                                          Roshambo
                            </h1>
                            <h2
                                          className="Roshambo__subtitle"
                            >
                                          (Rock, Paper, Scissors)
                            </h2>
              </header>
              <p
                            className="Roshambo__intro"
              >
                            Rules of the game can be found on the 
                            <a
                                          href="https://en.wikipedia.org/wiki/Rock%E2%80%93paper%E2%80%93scissors"
                            >
                                          Rock, Paper Scissors Wikipedia page
                            </a>
                            .
              </p>
              <div
                            className="Roshambo__game"
              >
                            <Player
                                          chosen=""
                                          playerChoice={[Function]}
                            />
                            <Scoreboard
                                          history={Array []}
                                          resetGame={[Function]}
                                          score={
                                                        Object {
                                                                      "draw": 0,
                                                                      "loss": 0,
                                                                      "win": 0,
                                                                    }
                                          }
                            />
                            <Computer
                                          chosen=""
                            />
              </div>
</div>,
            "className": "Roshambo__container",
          },
          "ref": null,
          "rendered": Object {
            "instance": null,
            "key": undefined,
            "nodeType": "host",
            "props": Object {
              "children": Array [
                <header
                  className="Roshambo__header"
>
                  <h1
                                    className="Roshambo__title"
                  >
                                    Roshambo
                  </h1>
                  <h2
                                    className="Roshambo__subtitle"
                  >
                                    (Rock, Paper, Scissors)
                  </h2>
</header>,
                <p
                  className="Roshambo__intro"
>
                  Rules of the game can be found on the 
                  <a
                                    href="https://en.wikipedia.org/wiki/Rock%E2%80%93paper%E2%80%93scissors"
                  >
                                    Rock, Paper Scissors Wikipedia page
                  </a>
                  .
</p>,
                <div
                  className="Roshambo__game"
>
                  <Player
                                    chosen=""
                                    playerChoice={[Function]}
                  />
                  <Scoreboard
                                    history={Array []}
                                    resetGame={[Function]}
                                    score={
                                                      Object {
                                                                        "draw": 0,
                                                                        "loss": 0,
                                                                        "win": 0,
                                                                      }
                                    }
                  />
                  <Computer
                                    chosen=""
                  />
</div>,
              ],
              "className": "Roshambo__panel",
            },
            "ref": null,
            "rendered": Array [
              Object {
                "instance": null,
                "key": undefined,
                "nodeType": "host",
                "props": Object {
                  "children": Array [
                    <h1
                      className="Roshambo__title"
>
                      Roshambo
</h1>,
                    <h2
                      className="Roshambo__subtitle"
>
                      (Rock, Paper, Scissors)
</h2>,
                  ],
                  "className": "Roshambo__header",
                },
                "ref": null,
                "rendered": Array [
                  Object {
                    "instance": null,
                    "key": undefined,
                    "nodeType": "host",
                    "props": Object {
                      "children": "Roshambo",
                      "className": "Roshambo__title",
                    },
                    "ref": null,
                    "rendered": "Roshambo",
                    "type": "h1",
                  },
                  Object {
                    "instance": null,
                    "key": undefined,
                    "nodeType": "host",
                    "props": Object {
                      "children": "(Rock, Paper, Scissors)",
                      "className": "Roshambo__subtitle",
                    },
                    "ref": null,
                    "rendered": "(Rock, Paper, Scissors)",
                    "type": "h2",
                  },
                ],
                "type": "header",
              },
              Object {
                "instance": null,
                "key": undefined,
                "nodeType": "host",
                "props": Object {
                  "children": Array [
                    "Rules of the game can be found on the ",
                    <a
                      href="https://en.wikipedia.org/wiki/Rock%E2%80%93paper%E2%80%93scissors"
>
                      Rock, Paper Scissors Wikipedia page
</a>,
                    ".",
                  ],
                  "className": "Roshambo__intro",
                },
                "ref": null,
                "rendered": Array [
                  "Rules of the game can be found on the ",
                  Object {
                    "instance": null,
                    "key": undefined,
                    "nodeType": "host",
                    "props": Object {
                      "children": "Rock, Paper Scissors Wikipedia page",
                      "href": "https://en.wikipedia.org/wiki/Rock%E2%80%93paper%E2%80%93scissors",
                    },
                    "ref": null,
                    "rendered": "Rock, Paper Scissors Wikipedia page",
                    "type": "a",
                  },
                  ".",
                ],
                "type": "p",
              },
              Object {
                "instance": null,
                "key": undefined,
                "nodeType": "host",
                "props": Object {
                  "children": Array [
                    <Player
                      chosen=""
                      playerChoice={[Function]}
/>,
                    <Scoreboard
                      history={Array []}
                      resetGame={[Function]}
                      score={
                                            Object {
                                                                  "draw": 0,
                                                                  "loss": 0,
                                                                  "win": 0,
                                                                }
                      }
/>,
                    <Computer
                      chosen=""
/>,
                  ],
                  "className": "Roshambo__game",
                },
                "ref": null,
                "rendered": Array [
                  Object {
                    "instance": null,
                    "key": undefined,
                    "nodeType": "class",
                    "props": Object {
                      "chosen": "",
                      "playerChoice": [Function],
                    },
                    "ref": null,
                    "rendered": null,
                    "type": [Function],
                  },
                  Object {
                    "instance": null,
                    "key": undefined,
                    "nodeType": "class",
                    "props": Object {
                      "history": Array [],
                      "resetGame": [Function],
                      "score": Object {
                        "draw": 0,
                        "loss": 0,
                        "win": 0,
                      },
                    },
                    "ref": null,
                    "rendered": null,
                    "type": [Function],
                  },
                  Object {
                    "instance": null,
                    "key": undefined,
                    "nodeType": "class",
                    "props": Object {
                      "chosen": "",
                    },
                    "ref": null,
                    "rendered": null,
                    "type": [Function],
                  },
                ],
                "type": "div",
              },
            ],
            "type": "div",
          },
          "type": "div",
        },
        Object {
          "instance": null,
          "key": undefined,
          "nodeType": "host",
          "props": Object {
            "children": <small>
              By 
              <a
                            href="https://github.com/amlord"
                            title="Andrew Lord"
              >
                            Andrew Lord
              </a>
</small>,
            "class": "Roshambo__footer",
          },
          "ref": null,
          "rendered": Object {
            "instance": null,
            "key": undefined,
            "nodeType": "host",
            "props": Object {
              "children": Array [
                "By ",
                <a
                  href="https://github.com/amlord"
                  title="Andrew Lord"
>
                  Andrew Lord
</a>,
              ],
            },
            "ref": null,
            "rendered": Array [
              "By ",
              Object {
                "instance": null,
                "key": undefined,
                "nodeType": "host",
                "props": Object {
                  "children": "Andrew Lord",
                  "href": "https://github.com/amlord",
                  "title": "Andrew Lord",
                },
                "ref": null,
                "rendered": "Andrew Lord",
                "type": "a",
              },
            ],
            "type": "small",
          },
          "type": "footer",
        },
      ],
      "type": "section",
    },
  ],
  Symbol(enzyme.__options__): Object {
    "adapter": ReactSixteenAdapter {
      "options": Object {
        "enableComponentDidUpdateOnSetState": true,
      },
    },
    "disableLifecycleMethods": true,
  },
}
`;
